Sat Dec 23 20:24:05 EST 2023
$PROBLEM    PK. Tests of modifications to column names in $INPUT
;; One variable is dropped, BBW is a new name.         

;| Variables 15/20 |;
$INPUT ROW ID TIME EVID CMT AMT DV MDV BBW

$DATA  ../NMsimData_xgxr025_default_01.csv
IGN=@

$SUBROUTINE ADVAN4 TRANS4
$PK
KA=THETA(1)*EXP(ETA(1))
V2=THETA(2)*(BBW/75)*EXP(ETA(2))
CL=THETA(3)*EXP(ETA(3))
V3=THETA(4)*EXP(ETA(4))
Q=THETA(5)*EXP(ETA(5))

$ERROR
  IPRED=F
  IRES=DV-IPRED

  IF (IPRED.GT.1) THEN
    W = SQRT(IPRED**2*SIGMA(1,1)**2 + SIGMA(2,2)**2)
  ELSE
    W=1
  ENDIF

  IWRES=IRES/W
  Y=F+F*ERR(1)+ERR(2)

;-----------------------INITIAL ESTIMATES---------------------------------
$THETA  (0,0.118913) ; POPKA
$THETA  (0,0.0424325) ; POPCL
$THETA  (0,0.84335) ; POPV2
$THETA  (0,0.156763) ; POPV3
$THETA  (0,561243000) ; POPQ
$OMEGA  0.107844
$OMEGA  0  FIX
$OMEGA  0  FIX
$OMEGA  0  FIX
$OMEGA  0  FIX
$SIGMA  0.223019
$SIGMA  0.000676192


$SIMULATION ONLYSIM (1041610490) 

$TABLE PRED IPRED FILE=NMsim_xgxr025_default_01.tab


NM-TRAN MESSAGES
  
 WARNINGS AND ERRORS (IF ANY) FOR PROBLEM    1
             
 (WARNING  2) NM-TRAN INFERS THAT THE DATA ARE POPULATION.
             
 (WARNING  79) SIGMA IS USED ON THE RIGHT. WITH A SUBSEQUENT RUN, IF AN
 INITIAL ESTIMATE OF A DIAGONAL BLOCK OF SIGMA IS TO BE COMPUTED BY
 NONMEM, THAT BLOCK WILL BE SET TO AN IDENTITY MATRIX DURING THAT
 COMPUTATION. THIS COULD LEAD TO AN ARITHMETIC EXCEPTION.*

 * THE MAXIMUM NUMBER OF WARNINGS OF ONE OR MORE TYPES WAS REACHED.
 IT IS POSSIBLE THAT SOME WARNING MESSAGES WERE SUPPRESSED.

License Registered to: Vertex Pharmaceuticals Inc
Expiration Date:    14 JAN 2024
Current Date:       23 DEC 2023
  **** WARNING!!! Days until program expires :  26 ****
  **** CONTACT idssoftware@iconplc.com FOR RENEWAL ****
1NONLINEAR MIXED EFFECTS MODEL PROGRAM (NONMEM) VERSION 7.5.0
 ORIGINALLY DEVELOPED BY STUART BEAL, LEWIS SHEINER, AND ALISON BOECKMANN
 CURRENT DEVELOPERS ARE ROBERT BAUER, ICON DEVELOPMENT SOLUTIONS,
 AND ALISON BOECKMANN. IMPLEMENTATION, EFFICIENCY, AND STANDARDIZATION
 PERFORMED BY NOUS INFOSYSTEMS.

 PROBLEM NO.:         1
 PK. Tests of modifications to column names in $INPUT
0DATA CHECKOUT RUN:              NO
 DATA SET LOCATED ON UNIT NO.:    2
 THIS UNIT TO BE REWOUND:        NO
 NO. OF DATA RECS IN DATA SET:        4
 NO. OF DATA ITEMS IN DATA SET:   9
 ID DATA ITEM IS DATA ITEM NO.:   2
 DEP VARIABLE IS DATA ITEM NO.:   7
 MDV DATA ITEM IS DATA ITEM NO.:  8
0INDICES PASSED TO SUBROUTINE PRED:
   4   3   6   0   0   0   5   0   0   0   0
0LABELS FOR DATA ITEMS:
 ROW ID TIME EVID CMT AMT DV MDV BBW
0(NONBLANK) LABELS FOR PRED-DEFINED ITEMS:
 IPRED
0FORMAT FOR DATA:
 (9E4.0)

 TOT. NO. OF OBS RECS:        0
 TOT. NO. OF INDIVIDUALS:        1
0LENGTH OF THETA:   5
0DEFAULT THETA BOUNDARY TEST OMITTED:    NO
0OMEGA HAS BLOCK FORM:
  1
  0  2
  0  0  3
  0  0  0  4
  0  0  0  0  5
0DEFAULT OMEGA BOUNDARY TEST OMITTED:    NO
0SIGMA HAS SIMPLE DIAGONAL FORM WITH DIMENSION:   2
0DEFAULT SIGMA BOUNDARY TEST OMITTED:    NO
0UPPER BOUNDS INAPPROPRIATE
0INITIAL ESTIMATE OF THETA:
 LOWER BOUND    INITIAL EST    UPPER BOUND
  0.0000E+00     0.1189E+00     0.1000E+07
  0.0000E+00     0.4243E-01     0.1000E+07
  0.0000E+00     0.8434E+00     0.1000E+07
  0.0000E+00     0.1568E+00     0.1000E+07
  0.0000E+00     0.5612E+09     0.1000E+07
 #CPUT: Total CPU Time in Seconds,        0.004
Stop Time:
Sat Dec 23 20:24:09 EST 2023
